// Jest Snapshot v1, https://goo.gl/fbAQLP

exports[`ಪ್ರಾತಃಮಾರ್ಜನೆ 1`] = `
<View>
  <ಮಾರ್ಜನೆಸ೦ಕಲ್ಪ />
  <ಮಾರ್ಜನೆ />
  <ಸಾಯ೦ಅಭಿಮ೦ತ್ರಣೆ />
</View>
`;
