// Jest Snapshot v1, https://goo.gl/fbAQLP

exports[`ಮಾಧ್ಯಾಹ್ನಿಕಅರ್ಘ್ಯಸ೦ಕಲ್ಪ 1`] = `
<View>
  <ಶೀರ್ಷಿಕೆ>
    ಅರ್ಘ್ಯ ಸ೦ಕಲ್ಪ
  </ಶೀರ್ಷಿಕೆ>
  <ಸ೦ಕಲ್ಪಪೂರ್ವಾ೦ಗ />
  <ವ್ಯಾಹೃತಿ />
  <ಗಾಯತ್ರೀಮ೦ತ್ರ />
  <ಓಮಾಪೋ />
  <ಪ್ರೀತ್ಯರ್ಥ>
    ಮಾಧ್ಯಾಹ್ನಿಕ ಸ೦ಧ್ಯಾ೦ಗ ಅರ್ಘ್ಯ ಪ್ರಧಾನಾನಿ ಕರಿಷ್ಯೇ ॥
  </ಪ್ರೀತ್ಯರ್ಥ>
</View>
`;
