// Jest Snapshot v1, https://goo.gl/fbAQLP

exports[`ಮಾಧ್ಯಾಹ್ನಿಕಜಪಸ೦ಕಲ್ಪ 1`] = `
<View>
  <ಶೀರ್ಷಿಕೆ>
    ಗಾಯತ್ರೀ ಜಪ ಸ೦ಕಲ್ಪ
  </ಶೀರ್ಷಿಕೆ>
  <ಸ೦ಕಲ್ಪಪೂರ್ವಾ೦ಗ />
  <ವ್ಯಾಹೃತಿ />
  <ಗಾಯತ್ರೀಮ೦ತ್ರ />
  <ಓಮಾಪೋ />
  <ಪ್ರೀತ್ಯರ್ಥ>
    ಮಾಧ್ಯಾಹ್ನಿಕ ಸ೦ಧ್ಯಾ೦ಗ ಯಥಾ ಶಕ್ತಿ ಗಾಯತ್ರೀ ಮಹಾಮ೦ತ್ರ ಜಪ೦ ಕರಿಷ್ಯೇ  ॥
  </ಪ್ರೀತ್ಯರ್ಥ>
</View>
`;
