// Jest Snapshot v1, https://goo.gl/fbAQLP

exports[`ಓಮಾಪೋ 1`] = `
<ವಿನಿಯೋಗ>
  ಓ॒ಮಾಪೋ॒ ಜ್ಯೋತೀ॒ರಸೋ॒ಽಮೃತ॒೦ ಬ್ರಹ್ಮ॒ ಭೂರ್ಭುವ॒ಸ್ಸ್ವರೋ೦॥
</ವಿನಿಯೋಗ>
`;
