// Jest Snapshot v1, https://goo.gl/fbAQLP

exports[`ಓಮಾಪೋ 1`] = `
<ವಿನಿಯೋಗ>
  ಮಮ ಉಪಾತ್ತ ಸಮಸ್ತ ದುರಿತಕ್ಷಯದ್ವಾರಾ ಶ್ರೀ ಪರಮೇಶ್ವರ ಪ್ರೀತ್ಯರ್ಥ೦ 
  ಉಪಾಸ್ಯೇ
</ವಿನಿಯೋಗ>
`;
