// Jest Snapshot v1, https://goo.gl/fbAQLP

exports[`ಸ೦ಕಲ್ಪಶೀರ್ಷಿಕೆ 1`] = `
<ವಿಷಯ
  ವಿನ್ಯಾಸ="ಶೀರ್ಷಿಕೆ"
>
  ಸ೦ಕಲ್ಪ
</ವಿಷಯ>
`;
