// Jest Snapshot v1, https://goo.gl/fbAQLP

exports[`ಸಾಯ೦ಸ೦ಧ್ಯಾಸ೦ಕಲ್ಪ 1`] = `
<View>
  <ಸ೦ಕಲ್ಪಶೀರ್ಷಿಕೆ />
  <ಸ೦ಕಲ್ಪಪೂರ್ವಾ೦ಗ />
  <ವ್ಯಾಹೃತಿ />
  <ಗಾಯತ್ರೀಮ೦ತ್ರ />
  <ಓಮಾಪೋ />
  <ಪ್ರೀತ್ಯರ್ಥ>
    ಸಾಯ೦ ಸ೦ಧ್ಯಾ೦ ಉಪಾಸ್ಯೇ ॥
  </ಪ್ರೀತ್ಯರ್ಥ>
</View>
`;
