// Jest Snapshot v1, https://goo.gl/fbAQLP

exports[`ಗಾಯತ್ರೀಮ೦ತ್ರ 1`] = `
<ವಿಷಯ
  ವಿನ್ಯಾಸ="ವಿನಿಯೋಗ"
>
  ಓ೦ ತತ್ಸ॑ವಿ॒ತುರ್ವರೇ᳚ಣ್ಯ॒೦ ಭರ್ಗೋ᳚ ದೇ॒ವಸ್ಯ॑ ಧೀಮಹಿ । ಧಿಯೋ॒ ಯೋ ನಃ॑ ಪ್ರಚೋ॒ದಯಾ᳚ತ್ ॥
</ವಿಷಯ>
`;
