// Jest Snapshot v1, https://goo.gl/fbAQLP

exports[`ತ್ರಿಹೃತಿ 1`] = `
<ವಿನಿಯೋಗ>
  ಓ೦ ಭೂರ್ಭುವ॒ಸ್ಸ್ವಃ । 
</ವಿನಿಯೋಗ>
`;
