// Jest Snapshot v1, https://goo.gl/fbAQLP

exports[`ಆವರಣ 1`] = `
<View
  style={
    Object {
      "flex": 1,
    }
  }
>
  Avarana Texts
</View>
`;
