// Jest Snapshot v1, https://goo.gl/fbAQLP

exports[`ಪ್ರಾತರರ್ಘ್ಯ 1`] = `
<View>
  <ವಿಷಯ
    ವಿನ್ಯಾಸ="ಶೀರ್ಷಿಕೆ"
  >
    ಅರ್ಘ್ಯ ಪ್ರದಾನ
  </ವಿಷಯ>
  <ವಿಷಯ
    ವಿನ್ಯಾಸ="ಶೀರ್ಷಿಕೆ"
  >
    (ಪೂರ್ವಾಭಿಮುಖವಾಗಿ ನಿ೦ತು)
  </ವಿಷಯ>
  <ವಿಷಯ
    ವಿನ್ಯಾಸ="ಪೂರ್ವಾ೦ಗ"
  >
    ತತ್ಸವಿತುರ್ವಿಶ್ವಾಮಿತ್ರಸ್ಸವಿತಾಗಾಯತ್ರೀ
  </ವಿಷಯ>
  <ತ್ರಿಹೃತಿ>
    <ಗಾಯತ್ರೀಮ೦ತ್ರ />
    <ಓಮಾಪೋ />
  </ತ್ರಿಹೃತಿ>
  <ವಿನಿಯೋಗ>
    (೩ ಬಾರಿ)
  </ವಿನಿಯೋಗ>
  <ಕಾಲಾತೀತಅರ್ಘ್ಯ />
  <ವಿನಿಯೋಗ>
    ಓ೦ ಯದ॒ದ್ಯ ಕಚ್ಚ॑ ವೃತ್ರಹನ್ನು॒ದಗಾ᳚ ಅ॒ಭಿ ಸೂ᳚ರ್ಯ । ಸರ್ವ॒೦ ತದಿ᳚೦ದ್ರ ತೇ॒ ವಶೇ᳚ ॥ ಸೂರ್ಯ ಅಹ೦ ಸೂರ್ಯಃ । ಅಸಾವಾದಿತ್ಯೋ ಬ್ರಹ್ಮ ॥
  </ವಿನಿಯೋಗ>
</View>
`;
