// Jest Snapshot v1, https://goo.gl/fbAQLP

exports[`ಯಜ್ಞೋಪವೀತವಿಸರ್ಜನ 1`] = `
<View>
  <ಶೀರ್ಷಿಕೆ>
    ವಿಸರ್ಜನ
  </ಶೀರ್ಷಿಕೆ>
  <ವಿಷಯ
    ವಿನ್ಯಾಸ="ವಿನಿಯೋಗ"
  >
    ಉಪವೀತ೦ ಭಿನ್ನತ೦ತು೦ ಜೀರ್ಣ ಕಶ್ಮಲದೊಷಿತ೦ । ವಿಸೃಜಾಮಿ ಯಶೋಬ್ರಹ್ಮನ್ ವರ್ಚೋ ದೀರ್ಘಾಯುರಸ್ತು ಮೇ ॥ ಸಮುದ್ರ೦ ಗಚ್ಛಸ್ವಾಹಾ ॥
  </ವಿಷಯ>
</View>
`;
