// Jest Snapshot v1, https://goo.gl/fbAQLP

exports[`ಪುರುಷಸೂಕ್ತಶೋಢಷೋಪಚಾರ 1`] = `
<ಲೇಖನ>
  <ಪುಟ>
    <ಶುಕ್ಲಾ೦ಬರಧರ೦ />
  </ಪುಟ>
</ಲೇಖನ>
`;
