// Jest Snapshot v1, https://goo.gl/fbAQLP

exports[`ಪುರುಷಸೂಕ್ತಶೋಢಷೋಪಚಾರಲೇಖನ 1`] = `
<ಆವರಣ>
  <ಲೇಖನಶೀರ್ಷಿಕೆ>
    ಪುರುಷಸೂಕ್ತ ಶೋಢಷೋಪಚಾರ ಪೂಜಾ
  </ಲೇಖನಶೀರ್ಷಿಕೆ>
  <ಲೇಖನ />
</ಆವರಣ>
`;
