// Jest Snapshot v1, https://goo.gl/fbAQLP

exports[`ಶೀರ್ಷಿಕೆವಿಷಯ 1`] = `
<Text
  accessible={true}
  allowFontScaling={true}
  disabled={false}
  ellipsizeMode="tail"
  style={
    Object {
      "color": "#6695e2",
      "fontFamily": "Ganapati",
      "fontSize": 18,
      "lineHeight": 50,
      "marginLeft": 12,
      "textAlign": "justify",
    }
  }
>
  Some Text
</Text>
`;
