// Jest Snapshot v1, https://goo.gl/fbAQLP

exports[`ವಿಷಯ 1`] = `
<Text
  accessible={true}
  allowFontScaling={true}
  ellipsizeMode="tail"
  style={Object {}}
>
  Some Text
</Text>
`;
