// Jest Snapshot v1, https://goo.gl/fbAQLP

exports[`ಆಸತ್ಯಲೋಕಾತ್ 1`] = `
<ವಿನಿಯೋಗ>
  ಆಸತ್ಯಲೋಕಾದಾಶೇಷಾತ್ ಆಲೋಕಾಲ್ಲೋಕಪರ್ವತಾತ್ । ಯೇ ಸ೦ತಿ ಬ್ರಾಹ್ಮಣಾದೇವಾಃ ತೇಭ್ಯೋನಿತ್ಯ೦ ನಮೋನಮಃ ॥
</ವಿನಿಯೋಗ>
`;
