// Jest Snapshot v1, https://goo.gl/fbAQLP

exports[`ಪ್ರಾತರುಪಸ್ಥಾನ 1`] = `
<View>
  <ಶೀರ್ಷಿಕೆ>
    ಉಪಸ್ಥಾನ
  </ಶೀರ್ಷಿಕೆ>
  <ಶೀರ್ಷಿಕೆ>
    (ಪೂರ್ವಾಭಿಮುಖವಾಗಿ ನಿ೦ತು)
  </ಶೀರ್ಷಿಕೆ>
  <ಜಾತವೇದಸೇ />
  <ತಚ್ಛ೦ಯೋ />
  <ನಮೋಬ್ರಹ್ಮಣೇ />
  <ವಿನಿಯೋಗ>
    (ಮೂರು ಬಾರಿ)
  </ವಿನಿಯೋಗ>
  <ಪ್ರಾತರ್ದಿಶಾನಮಸ್ಕಾರ />
  <ದೇವತಾನಮಸ್ಕಾರ />
  <ನಿರ್ಗಮನ />
  <ನಮೋಬ್ರಹ್ಮಣೇ />
  <ಪ್ರವರ />
  <ಆಸತ್ಯಲೋಕಾತ್ />
</View>
`;
