// Jest Snapshot v1, https://goo.gl/fbAQLP

exports[`ಪ್ರಾತಸ್ಸ೦ಧ್ಯಾ 1`] = `
<ಲೇಖನ>
  <ಪುಟ>
    <ಆಸನಸೂಚನೆ />
    <ಆಚಮನೀಯ />
  </ಪುಟ>
  <ಪುಟ>
    <ಪ್ರೋಕ್ಷಣ />
    <ಆಚಮನೀಯ />
  </ಪುಟ>
  <ಪುಟ>
    <ಪ್ರಾತಃಸ೦ಧ್ಯಾಸ೦ಕಲ್ಪ />
  </ಪುಟ>
  <ಪುಟ>
    <ಪ್ರಾತಃಮಾರ್ಜನೆ />
  </ಪುಟ>
  <ಪುಟ>
    <ಆಚಮನೀಯ />
  </ಪುಟ>
  <ಪುಟ>
    <ದ್ವಿತೀಯಮಾರ್ಜನೆ />
    <ವಿಸರ್ಜನೆ />
  </ಪುಟ>
  <ಪುಟ>
    <ಆಚಮನೀಯ />
  </ಪುಟ>
  <ಪುಟ>
    <ಪ್ರಾತರ್ರಘ್ಯಸ೦ಕಲ್ಪ />
  </ಪುಟ>
  <ಪುಟ>
    <ಪ್ರಾತರರ್ಘ್ಯ />
  </ಪುಟ>
  <ಪುಟ>
    <ಪ್ರಾತಃಗಾಯತ್ರೀ />
  </ಪುಟ>
  <ಪುಟ>
    <ಪ್ರಾತರುಪಸ್ಥಾನ />
  </ಪುಟ>
</ಲೇಖನ>
`;
