// Jest Snapshot v1, https://goo.gl/fbAQLP

exports[`ತಾ೦ಬೂಲ 1`] = `
<ಆವರಣ>
  <ಶೀರ್ಷಿಕೆ>
    ತಾ೦ಬೂಲ
  </ಶೀರ್ಷಿಕೆ>
  <ವಿನಿಯೋಗ>
    ನಾಭ್ಯಾ॑ ಆಸೀದ॒೦ತರಿ॑ಕ್ಷಮ್ । ಶೀ॒ರ್ಷ್ಣೋ  ದ್ಯೌಸ್ಸಮ॑ವರ್ತತ । ಪ॒ದ್ಭ್ಯಾಂ ಭೂಮಿ॒ರ್ದಿಶ॒ಶ್ಯೋತ್ರಾ᳚ತ್ । ತಥಾ॑ ಲೋ॒ಕಾꣳ ಅ॑ಕಲ್ಪಯನ್ ।
  </ವಿನಿಯೋಗ>
  <ಪೂರ್ವೋತ್ತರ>
    ಶ್ರೀ ಇಷ್ಟ ದೇವತಾಭ್ಯೋ ನಮಃ । ಪೂಗಿಫಲ ತಾ೦ಬೂಲ೦ ನಿವೇದಯಾಮಿ ॥
  </ಪೂರ್ವೋತ್ತರ>
</ಆವರಣ>
`;
