// Jest Snapshot v1, https://goo.gl/fbAQLP

exports[`ಆಚಮನೀಯಸೂಚನೆ 1`] = `
<ವಿಧಾನ>
  (ಪೂರ್ವ/ಉತ್ತರ ಅಭಿಮುಖವಾಗಿ ಕುಳಿತು ಆಚಮನ ಮಾಡುವುದು. ಶೇಷ ಜಲವನ್ನು ವಿಸರ್ಜಿಸುವುದು.)
</ವಿಧಾನ>
`;
