// Jest Snapshot v1, https://goo.gl/fbAQLP

exports[`ಮ೦ತ್ರಾರ್ಥ 1`] = `
<ವಿಷಯ
  ವಿನ್ಯಾಸ="ವಿನಿಯೋಗ"
>
  ಯೊ ದೇವಃ ಸವಿತಾಸ್ಮಾಕ೦ । ಧಿಯೋ ಧರ್ಮಾದಿ ಗೋಚರಃ । ಪ್ರೇರಯೇತ್ ತಸ್ಯ ಯದ್ಭರ್ಗಃ । ತದ್ವರೇಣ್ಯ೦ ಉಪಾಸ್ಮಹೇ । ಸವಿತುರ್ದೇವಸ್ಯ ವರೇಣ್ಯ೦ । ತೇಜೋ ಧ್ಯಾಯೇಮಹಿ । ಯೋಽಸ್ಮಾಕ೦ ಕರ್ಮಾಣಿ । ಪ್ರೇರಯೇತ್ ಇತಿ ಮ೦ತ್ರಾರ್ಥಃ ।
</ವಿಷಯ>
`;
