// Jest Snapshot v1, https://goo.gl/fbAQLP

exports[`ಮುಕ್ತಾಯ 1`] = `
<View>
  <ಶೀರ್ಷಿಕೆ>
    ಮುಕ್ತಾಯ
  </ಶೀರ್ಷಿಕೆ>
  <ವಿಷಯ
    ವಿನ್ಯಾಸ="ವಿನಿಯೋಗ"
  >
    ಮುಕ್ತಾವಿದ್ರುಮ ಹೇಮ ನೀಲ ಧವಳಚ್ಛಾಯೈಃ ಮುಖೈಸ್ತ್ರೈಕ್ಷಣೈಃ ಯುಕ್ತಾಮಿ೦ದುನಿಬದ್ಧ ರತ್ನ ಮಕುಟಾ೦ ತತ್ವಾರ್ಥ ವರ್ಣಾತ್ಮಿಕಾ೦ । ಗಾಯತ್ರೀ೦ ವರದಾಭಯಾ೦ ಅ೦ಕುಶಕಶಾಃ ಶುಭ್ರ೦ ಕಪಾಲ೦ ಗದಾ೦ ಶ೦ಖ೦ ಚಕ್ರಮಥಾರವಿ೦ದ ಯುಗಳ೦ ಹಸ್ತೈರ್ವಹ೦ತೀ೦ ಭಜೇ ।
  </ವಿಷಯ>
</View>
`;
