// Jest Snapshot v1, https://goo.gl/fbAQLP

exports[`ಸಾಯ೦ಗಾಯತ್ರೀ 1`] = `
<View>
  <ಶೀರ್ಷಿಕೆ>
    ಗಾಯತ್ರೀ ಜಪ
  </ಶೀರ್ಷಿಕೆ>
  <ತ್ರಿಹೃತಿ />
  <ತ್ರಿಹೃತಿ />
  <ಆವಾಹನ />
  <ಸಾಯ೦ಜಪಸ೦ಕಲ್ಪ />
  <ಕರನ್ಯಾಸ />
  <ಅ೦ಗನ್ಯಾಸ />
  <ದಿಗ್ಬ೦ಧನ />
  <ಸಾಯ೦ಸ್ವರೂಪ />
  <ಮ೦ತ್ರಾರ್ಥ />
  <ಜಪ />
  <ಕರನ್ಯಾಸ />
  <ಅ೦ಗನ್ಯಾಸ />
  <ದಿಗ್ವಿಮೋಕ />
  <ಮುಕ್ತಾಯ />
</View>
`;
