// Jest Snapshot v1, https://goo.gl/fbAQLP

exports[`ಪ್ರೋಕ್ಷಣ 1`] = `
<View>
  <ಶೀರ್ಷಿಕೆ>
    ಪ್ರೋಕ್ಷಣ
  </ಶೀರ್ಷಿಕೆ>
  <ವಿಷಯ
    ವಿನ್ಯಾಸ="ವಿನಿಯೋಗ"
  >
    ಅಪವಿತ್ರಃ ಪವಿತ್ರೋವಾ ಸರ್ವಾವಸ್ಥಾ೦ ಗತೋಽಪಿವಾ । ಯಸ್ಸ್ಮರೇತ್ ಪು೦ಡರೀಕಾಕ್ಷ೦ ಸಬಾಹ್ಯಾಭ್ಯ೦ತರಶ್ಶುಚಿಃ ।
  </ವಿಷಯ>
</View>
`;
