// Jest Snapshot v1, https://goo.gl/fbAQLP

exports[`ಪ್ರಾತಸ್ಸಮರ್ಪಣ 1`] = `
<View>
  <ವಿಷಯ
    ವಿನ್ಯಾಸ="ಶೀರ್ಷಿಕೆ"
  >
    ಸಮರ್ಪಣೆ
  </ವಿಷಯ>
  <ವಿಷಯ
    ವಿನ್ಯಾಸ="ವಿನಿಯೋಗ"
  >
    ಅನೇನ ಮಾಧ್ಯಾಹ್ನಿಕ ಸ೦ಧ್ಯಾವ೦ದನೇನ  ಭಗವಾನ್ ಸರ್ವಾತ್ಮಕಃ ಶ್ರೀ ತೇಜೋ ಲಕ್ಷ್ಮೀನೃಸಿ೦ಹ ಸ್ವಾಮಿನಃ ಪ್ರೀಣಾತು |
  </ವಿಷಯ>
</View>
`;
