// Jest Snapshot v1, https://goo.gl/fbAQLP

exports[`ಸಮಿಧಾದಾನಆಸನಸೂಚನೆ 1`] = `
<ವಿಷಯ
  ವಿನ್ಯಾಸ="ಶೀರ್ಷಿಕೆ"
>
  (ಅಗ್ನಿಯನ್ನು ಪೂರ್ವ/ಉತ್ತರ ಅಭಿಮುಖವಾಗಿ ಇರಿಸಿಕೊ೦ಡು, ಅಗ್ನಿಗೆ ಅಭಿಮುಖವಾಗಿ ಕುಳಿತುಕೊಳ್ಳುವುದು)
</ವಿಷಯ>
`;
