// Jest Snapshot v1, https://goo.gl/fbAQLP

exports[`ಆದಿಪ್ರಾರ್ಥನೆ 1`] = `
<ಆವರಣ>
  <ಶೀರ್ಷಿಕೆ>
    ಪ್ರಾರ್ಥನೆ
  </ಶೀರ್ಷಿಕೆ>
  <ವಿನಿಯೋಗ>
    ಶುಕ್ಲಾ೦ಬರಧರ೦ ವಿಷ್ಣು೦ ಶಶಿ ವರ್ಣ೦ ಚತುರ್ಭುಜ೦ | ಪ್ರಸನ್ನ ವದನ೦ ಧ್ಯಾಯೇತ್ ಸರ್ವ ವಿಘ್ನೋಪ ಶಾ೦ತಯೇ ||
  </ವಿನಿಯೋಗ>
</ಆವರಣ>
`;
